jango@LAPTOP-SU1F7TT8:~/projects/NCubeV$ julia --project=. deps/sysimage/trace_run.jl
[CMD] Using SMT solver: Z3
[CMD] Using verifier: NNEnum
[CMD] Parsed initial query: NCubeV.AST.Query(((-1.0*x1<0.0&((-1.0*rPos)+(0.004999999999999999*(rVel^2.0)))<=0.0&-1.0*x1<=0.0&1.0*x1<=100.0&-1.0*x2<=200.0&1.0*x2<=200.0&-1.0*x3<=100.0&1.0*x3<=100.0)->(-1.0*x3<=-100.0|(-1.0*x3<=100.0&1.0*x3<100.0&(1.0*x3<0.0|-1.0*x3<0.0)&((((-1.0*x3<0.0&1.0*x20.1*x3<0.0)|(1.0*x3<0.0&-1.0*x2-0.1*x3<0.0)|(-1.0*x3<0.0&-1.0*x2<0.0)|(1.0*x3<0.0&1.0*x2<0.0))&((-0.005000000000000001*rAccpost)+(-0.1*rVel)+(-1.0*rPos)+(5.0e-5*(rAccpost^2.0))+(0.004999999999999999*(rVel^2.0))+(0.001*rAccpost*rVel))<0.0)|(((-0.005000000000000001*rAccpost)+(-0.1*rVel)+(-1.0*rPos)+(5.0e-5*(rAccpost^2.0))+(0.004999999999999999*(rVel^2.0))+(0.001*rAccpost*rVel))<0.0&((-2.0*x3<0.0&((rVel^2.0)+(-2.0*rAccpost*rPos))<0.0)|(2.0*x3<0.0&((-1.0*(rVel^2.0))+(2.0*rAccpost*rPos))<0.0)))))|(1.0*x3<=0.0&-1.0*x3<=0.0&((-0.1*rVel)+(-1.0*rPos)+(0.004999999999999999*(rVel^2.0)))<0.0))), Set(NCubeV.AST.Variable[rAccpost, rVel, rPos]), 2, 1, Dict{NCubeV.AST.ApproxQuery, NCubeV.AST.Approximation}(), Vector{Float64}[])
[CMD] SMT Timeout: 10s
[CTRL] Iterating over conjunctions...
[APPROX] Trying to build approximation...
[APPROX] Generating expression for (rAccpost*rVel)...
Val Ranges: Dict(:x2 => [-200.0, 200.0], :x3 => [-100.00100708007812, 100.00100708007812], :x1 => [0.0, 100.0])
Using N=1, ϵ=0.0, rel_error_tol=0.005
[APPROX] Generating expression for (rAccpost*rPos)...
Val Ranges: Dict(:x2 => [-200.0, 200.0], :x3 => [-100.00100708007812, 100.00100708007812], :x1 => [0.0, 100.0])
Using N=1, ϵ=0.0, rel_error_tol=0.005
[APPROX] Generating expression for (rAccpost^2.0)...
Val Ranges: Dict(:x2 => [-200.0, 200.0], :x3 => [-100.00100708007812, 100.00100708007812], :x1 => [0.0, 100.0])
Using N=1, ϵ=0.0, rel_error_tol=0.005
[APPROX] Generating expression for (rVel^2.0)...
Val Ranges: Dict(:x2 => [-200.0, 200.0], :x3 => [-100.00100708007812, 100.00100708007812], :x1 => [0.0, 100.0])
Using N=1, ϵ=0.0, rel_error_tol=0.005
[APPROX] Skipping verification of approximation (switch on using NCubeV.Config.set_rigorous_approximations(true))
[APPROX] Skipping verification of approximation (switch on using NCubeV.Config.set_rigorous_approximations(true))
[APPROX] Skipping verification of approximation (switch on using NCubeV.Config.set_rigorous_approximations(true))
[APPROX] Skipping verification of approximation (switch on using NCubeV.Config.set_rigorous_approximations(true))
[APPROX] Skipping verification of approximation (switch on using NCubeV.Config.set_rigorous_approximations(true))
[APPROX] Skipping verification of approximation (switch on using NCubeV.Config.set_rigorous_approximations(true))
[APPROX] Skipping verification of approximation (switch on using NCubeV.Config.set_rigorous_approximations(true))
[APPROX] Skipping verification of approximation (switch on using NCubeV.Config.set_rigorous_approximations(true))
[APPROX] Approximation Bounds: Vector{Float64}[]
[APPROX] Approximations: Dict{NCubeV.AST.ApproxQuery, NCubeV.AST.Approximation}()
[APPROX] Approximation is ready
[SKELETON] Adding linear dependency constraint
Float32[-1.0, 0.0, 0.0]+0.0<0.0 -> -1.0*x1<=0.0
0.0
[SKELETON] Adding linear dependency constraint
-1.0*x3<=-100.0 -> Float32[0.0, 0.0, -1.0]+0.0<=100.00099999999999
-100.0
[SKELETON] Adding linear dependency constraint
-1.0*x3<=100.0 -> Float32[0.0, 0.0, -1.0]+0.0<=100.00099999999999
100.0
[SKELETON] Adding linear dependency constraint
Float32[0.0, 0.0, -1.0]+0.0<=-100.0 -> -1.0*x3<=100.0
100.0
[SKELETON] Adding linear dependency constraint
1.0*x3<100.0 -> Float32[0.0, 0.0, 1.0]+0.0<=100.00099999999999
100.0
[SKELETON] Adding linear dependency constraint
1.0*x3<0.0 -> Float32[0.0, 0.0, 1.0]+0.0<=100.00099999999999
0.0
[SKELETON] Adding linear dependency constraint
1.0*x3<0.0 -> Float32[0.0, 0.0, 1.0]+0.0<100.0
0.0
[SKELETON] Adding negated linear dependency constraint
!1.0*x3<0.0 | !Float32[0.0, 0.0, -1.0]+0.0<=-100.0
[SKELETON] Adding linear dependency constraint
-1.0*x3<0.0 -> Float32[0.0, 0.0, -1.0]+0.0<=100.00099999999999
0.0
[SKELETON] Adding linear dependency constraint
Float32[0.0, 0.0, -1.0]+0.0<=-100.0 -> -1.0*x3<0.0
0.0
[SKELETON] Adding linear dependency constraint
-1.0*x3<0.0 -> Float32[0.0, 0.0, -1.0]+0.0<=100.0
0.0
[SKELETON] Adding negated linear dependency constraint
!-1.0*x3<0.0 | !Float32[0.0, 0.0, 1.0]+0.0<0.0
[SKELETON] Adding linear dependency constraint
-1.0*x2<0.0 -> Float32[0.0, -1.0, 0.0]+0.0<=200.0
0.0
[SKELETON] Adding linear dependency constraint
1.0*x2<0.0 -> Float32[0.0, 1.0, 0.0]+0.0<=200.0
0.0
[SKELETON] Adding negated linear dependency constraint
!1.0*x2<0.0 | !Float32[0.0, -1.0, 0.0]+0.0<0.0
[SKELETON] Adding linear dependency constraint
-2.0*x3<0.0 -> Float32[0.0, 0.0, -1.0]+0.0<=100.00099999999999
0.0
[SKELETON] Adding linear dependency constraint
Float32[0.0, 0.0, -1.0]+0.0<=-100.0 -> -2.0*x3<0.0
0.0
[SKELETON] Adding linear dependency constraint
-2.0*x3<0.0 -> Float32[0.0, 0.0, -1.0]+0.0<=100.0
0.0
[SKELETON] Adding linear dependency constraint
Float32[0.0, 0.0, -1.0]+0.0<0.0 -> -2.0*x3<0.0
0.0
[SKELETON] Adding negated linear dependency constraint
!-2.0*x3<0.0 | !Float32[0.0, 0.0, 1.0]+0.0<0.0
[SKELETON] Adding linear dependency constraint
2.0*x3<0.0 -> Float32[0.0, 0.0, 1.0]+0.0<=100.00099999999999
0.0
[SKELETON] Adding linear dependency constraint
2.0*x3<0.0 -> Float32[0.0, 0.0, 1.0]+0.0<100.0
0.0
[SKELETON] Adding linear dependency constraint
Float32[0.0, 0.0, 1.0]+0.0<0.0 -> 2.0*x3<0.0
0.0
[SKELETON] Adding negated linear dependency constraint
!2.0*x3<0.0 | !Float32[0.0, 0.0, -1.0]+0.0<=-100.0
[SKELETON] Adding negated linear dependency constraint
!2.0*x3<0.0 | !Float32[0.0, 0.0, -1.0]+0.0<0.0
[SKELETON] Adding negated linear dependency constraint
!2.0*x3<0.0 | !Float32[0.0, 0.0, -1.0]+0.0<0.0
[SKELETON] Adding linear dependency constraint
1.0*x3<=0.0 -> Float32[0.0, 0.0, 1.0]+0.0<=100.00099999999999
0.0
[SKELETON] Adding linear dependency constraint
1.0*x3<=0.0 -> Float32[0.0, 0.0, 1.0]+0.0<100.0
0.0
[SKELETON] Adding linear dependency constraint
Float32[0.0, 0.0, 1.0]+0.0<0.0 -> 1.0*x3<=0.0
0.0
[SKELETON] Adding linear dependency constraint
Float32[0.0, 0.0, 1.0]+0.0<0.0 -> 1.0*x3<=0.0
0.0
[SKELETON] Adding negated linear dependency constraint
!1.0*x3<=0.0 | !Float32[0.0, 0.0, -1.0]+0.0<=-100.0
[SKELETON] Adding negated linear dependency constraint
!1.0*x3<=0.0 | !Float32[0.0, 0.0, -1.0]+0.0<0.0
[SKELETON] Adding negated linear dependency constraint
!1.0*x3<=0.0 | !Float32[0.0, 0.0, -1.0]+0.0<0.0
[SKELETON] Adding linear dependency constraint
-1.0*x3<=0.0 -> Float32[0.0, 0.0, -1.0]+0.0<=100.00099999999999
0.0
[SKELETON] Adding linear dependency constraint
Float32[0.0, 0.0, -1.0]+0.0<=-100.0 -> -1.0*x3<=0.0
0.0
[SKELETON] Adding linear dependency constraint
-1.0*x3<=0.0 -> Float32[0.0, 0.0, -1.0]+0.0<=100.0
0.0
[SKELETON] Adding linear dependency constraint
Float32[0.0, 0.0, -1.0]+0.0<0.0 -> -1.0*x3<=0.0
0.0
[SKELETON] Adding linear dependency constraint
Float32[0.0, 0.0, -1.0]+0.0<0.0 -> -1.0*x3<=0.0
0.0
[SKELETON] Adding negated linear dependency constraint
!-1.0*x3<=0.0 | !Float32[0.0, 0.0, 1.0]+0.0<0.0
[SKELETON] Adding negated linear dependency constraint
!-1.0*x3<=0.0 | !Float32[0.0, 0.0, 1.0]+0.0<0.0
checking lin feasibility
constraints = NCubeV.AST.LinearConstraint[-1.0*x1<=-31.7, 1.0*x1<=100.0, -1.0*x2<=0.0, 1.0*x2<=200.0, -1.0*x3<=0.0, 1.0*x3<=100.0, -1.0*x1<0.0, -1.0*x1<=0.0, 1.0*x1<=100.0, -1.0*x2<=200.0, 1.0*x2<=200.0, -1.0*x3<=100.0, 1.0*x3<=100.0, 1.0*x3<100.0, -1.0*x3<=0.0, 1.0*x3<=0.0, -1.0*x2<=0.0, 2.0*x3<=0.0, -2.0*x3<=0.0, -1.0*x3<0.0, 1.0*x3<0.0]
res ≠ :UNSAT = false
checking lin feasibility
constraints = NCubeV.AST.LinearConstraint[-1.0*x1<=-31.7, 1.0*x1<=100.0, -1.0*x2<=0.0, 1.0*x2<=200.0, -1.0*x3<=0.0, 1.0*x3<=100.0, -1.0*x12.0*x2<=200.0, -1.0*x11.95*x20.11*x3<250.15, 42.03*x1400.0*x2-78.98*x3<57476.02, 103.58*x1-200.0*x2151.79*x3<30005.74, -1.0*x11.9*x2<200.0]
res ≠ :UNSAT = true
 61.898310 seconds (78.13 M allocations: 4.673 GiB, 2.57% gc time, 94.46% compilation time: <1% of which was recompilation)
----------------------------------------------------------
# Unsafe Stars: 0
Saving final results in /tmp/results.jld...
No counterexamples found -> SAFE
────────────────────────────────────────────────────────────────────────────────────────────────
                                                       Time                    Allocations      
                                              ───────────────────────   ────────────────────────
              Tot / % measured:                    67.8s /  55.6%           5.07GiB /  67.2%    

Section                               ncalls     time    %tot     avg     alloc    %tot      avg
────────────────────────────────────────────────────────────────────────────────────────────────
get_approx_query                           1    26.0s   68.9%   26.0s   2.67GiB   78.5%  2.67GiB
  OVERT                                    4    16.1s   42.8%   4.03s   1.56GiB   45.9%   400MiB
query_iteration                            1    11.7s   31.1%   11.7s    750MiB   21.5%   750MiB
  next_query                               1    6.37s   16.9%   6.37s    638MiB   18.3%   638MiB
    check_infeasibility                    1    6.18s   16.4%   6.18s    633MiB   18.2%   633MiB
      check_infeasibility_linear           1    6.18s   16.4%   6.18s    633MiB   18.2%   633MiB
        LP_populate_constraints            1   18.9ms    0.1%  18.9ms   1.15MiB    0.0%  1.15MiB
        SMTprep                            2   15.6ms    0.0%  7.81ms    454KiB    0.0%   227KiB
        LP_create_model                    1    833μs    0.0%   833μs   57.0KiB    0.0%  57.0KiB
        LP_check                           1    213μs    0.0%   213μs   18.0KiB    0.0%  18.0KiB
        LP_add_constraints                 1   57.1μs    0.0%  57.1μs   23.9KiB    0.0%  23.9KiB
        feasibility_cache_add              1   43.1μs    0.0%  43.1μs      256B    0.0%     256B
        feasibility_cache_check            2   3.17μs    0.0%  1.59μs     64.0B    0.0%    32.0B
      check_infeasibility_nonlinear        1   2.71μs    0.0%  2.71μs     32.0B    0.0%    32.0B
    approx_resolution                      1   78.7ms    0.2%  78.7ms   3.44MiB    0.1%  3.44MiB
    atom_recovery                          1   32.0ms    0.1%  32.0ms    528KiB    0.0%   528KiB
      atom_computation                     1   20.5ms    0.1%  20.5ms    486KiB    0.0%   486KiB
      bound_computation                    1   11.5ms    0.0%  11.5ms   40.1KiB    0.0%  40.1KiB
    PicoSAT_solve                          2    209μs    0.0%   104μs     64.0B    0.0%    32.0B
    bound_atoms                            1   42.3μs    0.0%  42.3μs   7.27KiB    0.0%  7.27KiB
    check_infeasibility_prep               2   13.1μs    0.0%  6.53μs   3.45KiB    0.0%  1.73KiB
  boolean_skeleton                         1    1.89s    5.0%   1.89s    103MiB    3.0%   103MiB
──────────────────────────────────────────────────────────────────────────────────────────────── Done
[CMD] Running in rigorous mode
[CMD] Using SMT solver: Z3
[CMD] Using verifier: NNEnum
[CMD] Parsed initial query: NCubeV.AST.Query(((-1.0*x1<0.0&((-1.0*rPos)+(0.004999999999999999*(rVel^2.0)))<=0.0&-1.0*x1<=0.0&1.0*x1<=100.0&-1.0*x2<=200.0&1.0*x2<=200.0&-1.0*x3<=100.0&1.0*x3<=100.0)->(-1.0*x3<=-100.0|(-1.0*x3<=100.0&1.0*x3<100.0&(1.0*x3<0.0|-1.0*x3<0.0)&((((-1.0*x3<0.0&1.0*x20.1*x3<0.0)|(1.0*x3<0.0&-1.0*x2-0.1*x3<0.0)|(-1.0*x3<0.0&-1.0*x2<0.0)|(1.0*x3<0.0&1.0*x2<0.0))&((-0.005000000000000001*rAccpost)+(-0.1*rVel)+(-1.0*rPos)+(5.0e-5*(rAccpost^2.0))+(0.004999999999999999*(rVel^2.0))+(0.001*rAccpost*rVel))<0.0)|(((-0.005000000000000001*rAccpost)+(-0.1*rVel)+(-1.0*rPos)+(5.0e-5*(rAccpost^2.0))+(0.004999999999999999*(rVel^2.0))+(0.001*rAccpost*rVel))<0.0&((-2.0*x3<0.0&((rVel^2.0)+(-2.0*rAccpost*rPos))<0.0)|(2.0*x3<0.0&((-1.0*(rVel^2.0))+(2.0*rAccpost*rPos))<0.0)))))|(1.0*x3<=0.0&-1.0*x3<=0.0&((-0.1*rVel)+(-1.0*rPos)+(0.004999999999999999*(rVel^2.0)))<0.0))), Set(NCubeV.AST.Variable[rAccpost, rVel, rPos]), 2, 1, Dict{NCubeV.AST.ApproxQuery, NCubeV.AST.Approximation}(), Vector{Float64}[])
[CMD] SMT Timeout: 10s
[CTRL] Iterating over conjunctions...
[APPROX] Trying to build approximation...
[APPROX] Generating expression for (rAccpost*rVel)...
Val Ranges: Dict(:x2 => [-200.0, 200.0], :x3 => [-100.00100708007812, 100.00100708007812], :x1 => [0.0, 100.0])
Using N=1, ϵ=0.0, rel_error_tol=0.005
[APPROX] Generating expression for (rAccpost*rPos)...
Val Ranges: Dict(:x2 => [-200.0, 200.0], :x3 => [-100.00100708007812, 100.00100708007812], :x1 => [0.0, 100.0])
Using N=1, ϵ=0.0, rel_error_tol=0.005
[APPROX] Generating expression for (rAccpost^2.0)...
Val Ranges: Dict(:x2 => [-200.0, 200.0], :x3 => [-100.00100708007812, 100.00100708007812], :x1 => [0.0, 100.0])
Using N=1, ϵ=0.0, rel_error_tol=0.005
[APPROX] Generating expression for (rVel^2.0)...
Val Ranges: Dict(:x2 => [-200.0, 200.0], :x3 => [-100.00100708007812, 100.00100708007812], :x1 => [0.0, 100.0])
Using N=1, ϵ=0.0, rel_error_tol=0.005
[APPROX] Verifying correctness of approximation for term (rAccpost*rVel)
checking nl feasibility
constraints = NCubeV.AST.Formula[1.0*x1<=100.0, -1.0*x1<=-0.0, 1.0*x2<=-134.49, -1.0*x2<=200.0, 1.0*x3<=-67.25, -1.0*x3<=100.0, (rAccpost*rVel)<(Float32[0.0, -113.86, -227.71]+-25543.07+-0.01)]
res ≠ :UNSAT = false
checking nl feasibility
constraints = NCubeV.AST.Formula[1.0*x1<=100.0, -1.0*x1<=-0.0, 1.0*x2<=-134.49, -1.0*x2<=200.0, 1.0*x3<=-36.59, -1.0*x3<=67.25, (rAccpost*rVel)<(Float32[0.0, -113.86, -218.23]+-24905.56+-0.01)]
res ≠ :UNSAT = false
checking nl feasibility
constraints = NCubeV.AST.Formula[1.0*x1<=100.0, -1.0*x1<=-0.0, 1.0*x2<=-134.49, -1.0*x2<=200.0, 1.0*x3<=100.0, -1.0*x3<=36.59, (rAccpost*rVel)<(Float32[0.0, -114.42, -233.94]+-25630.99+-0.01)]
res ≠ :UNSAT = false
checking nl feasibility
constraints = NCubeV.AST.Formula[1.0*x1<=100.0, -1.0*x1<=-0.0, 1.0*x2<=-73.19, -1.0*x2<=134.49, 1.0*x3<=-67.25, -1.0*x3<=100.0, (rAccpost*rVel)<(Float32[0.0, -109.12, -227.71]+-24905.56+-0.01)]
res ≠ :UNSAT = false
checking nl feasibility
constraints = NCubeV.AST.Formula[1.0*x1<=100.0, -1.0*x1<=-0.0, 1.0*x2<=-73.19, -1.0*x2<=134.49, 1.0*x3<=-36.59, -1.0*x3<=67.25, (rAccpost*rVel)<(Float32[0.0, -109.12, -218.23]+-24268.04+-0.01)]
res ≠ :UNSAT = false
checking nl feasibility
constraints = NCubeV.AST.Formula[1.0*x1<=100.0, -1.0*x1<=-0.0, 1.0*x2<=-73.19, -1.0*x2<=134.49, 1.0*x3<=100.0, -1.0*x3<=36.59, (rAccpost*rVel)<(Float32[0.0, -114.78, -240.66]+-25889.54+-0.01)]
res ≠ :UNSAT = false
checking nl feasibility
constraints = NCubeV.AST.Formula[1.0*x1<=100.0, -1.0*x1<=-0.0, 1.0*x2<=200.0, -1.0*x2<=73.19, 1.0*x3<=-67.25, -1.0*x3<=100.0, (rAccpost*rVel)<(Float32[0.0, -116.97, -228.84]+-25630.99+-0.01)]
res ≠ :UNSAT = false
checking nl feasibility
constraints = NCubeV.AST.Formula[1.0*x1<=100.0, -1.0*x1<=-0.0, 1.0*x2<=200.0, -1.0*x2<=73.19, 1.0*x3<=-36.59, -1.0*x3<=67.25, (rAccpost*rVel)<(Float32[0.0, -120.33, -229.56]+-25889.54+-0.01)]
res ≠ :UNSAT = false
checking nl feasibility
constraints = NCubeV.AST.Formula[1.0*x1<=100.0, -1.0*x1<=-0.0, 1.0*x2<=200.0, -1.0*x2<=73.19, 1.0*x3<=100.0, -1.0*x3<=36.59, (rAccpost*rVel)<(Float32[0.0, 51.79, 103.58]+-49653.69+-0.01)]
res ≠ :UNSAT = false
[APPROX] Verifying correctness of approximation for term (rAccpost*rPos)
checking nl feasibility
constraints = NCubeV.AST.Formula[1.0*x1<=16.38, -1.0*x1<=-0.0, 1.0*x2<=200.0, -1.0*x2<=200.0, 1.0*x3<=-67.25, -1.0*x3<=100.0, (rAccpost*rPos)<(Float32[-113.86, 0.0, -6.93]+-692.86+-0.01)]
res ≠ :UNSAT = false
checking nl feasibility
constraints = NCubeV.AST.Formula[1.0*x1<=16.38, -1.0*x1<=-0.0, 1.0*x2<=200.0, -1.0*x2<=200.0, 1.0*x3<=-36.59, -1.0*x3<=67.25, (rAccpost*rPos)<(Float32[-113.86, 0.0, -4.56]+-533.48+-0.01)]
res ≠ :UNSAT = false
checking nl feasibility
constraints = NCubeV.AST.Formula[1.0*x1<=16.38, -1.0*x1<=-0.0, 1.0*x2<=200.0, -1.0*x2<=200.0, 1.0*x3<=100.0, -1.0*x3<=36.59, (rAccpost*rPos)<(Float32[-114.42, 0.0, -8.48]+-686.63+-0.01)]
res ≠ :UNSAT = false
checking nl feasibility
constraints = NCubeV.AST.Formula[1.0*x1<=31.7, -1.0*x1<=-16.38, 1.0*x2<=200.0, -1.0*x2<=200.0, 1.0*x3<=-67.25, -1.0*x3<=100.0, (rAccpost*rPos)<(Float32[-109.12, 0.0, -6.93]+-770.49+-0.01)]
res ≠ :UNSAT = false
checking nl feasibility
constraints = NCubeV.AST.Formula[1.0*x1<=31.7, -1.0*x1<=-16.38, 1.0*x2<=200.0, -1.0*x2<=200.0, 1.0*x3<=-36.59, -1.0*x3<=67.25, (rAccpost*rPos)<(Float32[-109.12, 0.0, -4.56]+-611.11+-0.01)]
res ≠ :UNSAT = false
checking nl feasibility
constraints = NCubeV.AST.Formula[1.0*x1<=31.7, -1.0*x1<=-16.38, 1.0*x2<=200.0, -1.0*x2<=200.0, 1.0*x3<=100.0, -1.0*x3<=36.59, (rAccpost*rPos)<(Float32[-114.78, 0.0, -10.16]+-733.32+-0.01)]
res ≠ :UNSAT = false
checking nl feasibility
constraints = NCubeV.AST.Formula[1.0*x1<=100.0, -1.0*x1<=-31.7, 1.0*x2<=200.0, -1.0*x2<=200.0, 1.0*x3<=-67.25, -1.0*x3<=100.0, (rAccpost*rPos)<(Float32[-116.97, 0.0, -7.21]+-559.29+-0.01)]
res ≠ :UNSAT = false
checking nl feasibility
constraints = NCubeV.AST.Formula[1.0*x1<=100.0, -1.0*x1<=-31.7, 1.0*x2<=200.0, -1.0*x2<=200.0, 1.0*x3<=-36.59, -1.0*x3<=67.25, (rAccpost*rPos)<(Float32[-120.33, 0.0, -7.39]+-455.84+-0.01)]
res ≠ :UNSAT = false
checking nl feasibility
constraints = NCubeV.AST.Formula[1.0*x1<=100.0, -1.0*x1<=-31.7, 1.0*x2<=200.0, -1.0*x2<=200.0, 1.0*x3<=100.0, -1.0*x3<=36.59, (rAccpost*rPos)<(Float32[51.79, 0.0, 75.89]+-15002.87+-0.01)]
res ≠ :UNSAT = false
[APPROX] Verifying correctness of approximation for term (rAccpost^2.0)
checking nl feasibility
constraints = NCubeV.AST.Formula[1.0*x1<=100.0, -1.0*x1<=-0.0, 1.0*x2<=200.0, -1.0*x2<=200.0, 1.0*x3<=-0.0, -1.0*x3<=100.0, (rAccpost^2.0)<(Float32[0.0, 0.0, -200.0]+-10000.2+-0.01)]
res ≠ :UNSAT = false
checking nl feasibility
constraints = NCubeV.AST.Formula[1.0*x1<=100.0, -1.0*x1<=-0.0, 1.0*x2<=200.0, -1.0*x2<=200.0, 1.0*x3<=100.0, -1.0*x3<=-0.0, (rAccpost^2.0)<(Float32[0.0, 0.0, 200.0]+-10000.2+-0.01)]
res ≠ :UNSAT = false
[APPROX] Verifying correctness of approximation for term (rVel^2.0)
checking nl feasibility
constraints = NCubeV.AST.Formula[1.0*x1<=100.0, -1.0*x1<=-0.0, 1.0*x2<=-0.0, -1.0*x2<=200.0, 1.0*x3<=100.0, -1.0*x3<=100.0, (rVel^2.0)<(Float32[0.0, -400.0, 0.0]+-40000.0+-0.01)]
res ≠ :UNSAT = false
checking nl feasibility
constraints = NCubeV.AST.Formula[1.0*x1<=100.0, -1.0*x1<=-0.0, 1.0*x2<=200.0, -1.0*x2<=-0.0, 1.0*x3<=100.0, -1.0*x3<=100.0, (rVel^2.0)<(Float32[0.0, 400.0, 0.0]+-40000.0+-0.01)]
res ≠ :UNSAT = false
[APPROX] Verifying correctness of approximation for term (rAccpost*rVel)
checking nl feasibility
constraints = NCubeV.AST.Formula[1.0*x1<=100.0, -1.0*x1<=-0.0, 1.0*x2<=-134.49, -1.0*x2<=200.0, 1.0*x3<=-67.25, -1.0*x3<=100.0, (rAccpost*rVel)>(Float32[0.0, 58.7, 117.41]+43481.52+0.01)]
res ≠ :UNSAT = false
checking nl feasibility
constraints = NCubeV.AST.Formula[1.0*x1<=100.0, -1.0*x1<=-0.0, 1.0*x2<=-134.49, -1.0*x2<=200.0, 1.0*x3<=-36.59, -1.0*x3<=67.25, (rAccpost*rVel)>(Float32[0.0, 201.08, -186.71]+49798.75+0.01)]
res ≠ :UNSAT = false
checking nl feasibility
constraints = NCubeV.AST.Formula[1.0*x1<=100.0, -1.0*x1<=-0.0, 1.0*x2<=-134.49, -1.0*x2<=200.0, 1.0*x3<=100.0, -1.0*x3<=36.59, (rAccpost*rVel)>(Float32[0.0, 553.85, -125.93]+125190.78+0.01)]
res ≠ :UNSAT = false
checking nl feasibility
constraints = NCubeV.AST.Formula[1.0*x1<=100.0, -1.0*x1<=-0.0, 1.0*x2<=-73.19, -1.0*x2<=134.49, 1.0*x3<=-67.25, -1.0*x3<=100.0, (rAccpost*rVel)>(Float32[0.0, -93.36, 402.16]+49798.76+0.01)]
res ≠ :UNSAT = false
checking nl feasibility
constraints = NCubeV.AST.Formula[1.0*x1<=100.0, -1.0*x1<=-0.0, 1.0*x2<=-73.19, -1.0*x2<=134.49, 1.0*x3<=-36.59, -1.0*x3<=67.25, (rAccpost*rVel)>(Float32[0.0, 30.92, 61.84]+36009.0+0.01)]
res ≠ :UNSAT = false
checking nl feasibility
constraints = NCubeV.AST.Formula[1.0*x1<=100.0, -1.0*x1<=-0.0, 1.0*x2<=-73.19, -1.0*x2<=134.49, 1.0*x3<=100.0, -1.0*x3<=36.59, (rAccpost*rVel)>(Float32[0.0, -51.08, 3.75]+29287.02+0.01)]
res ≠ :UNSAT = false
checking nl feasibility
constraints = NCubeV.AST.Formula[1.0*x1<=100.0, -1.0*x1<=-0.0, 1.0*x2<=200.0, -1.0*x2<=73.19, 1.0*x3<=-67.25, -1.0*x3<=100.0, (rAccpost*rVel)>(Float32[0.0, -62.97, 1107.68]+125190.79+0.01)]
res ≠ :UNSAT = false
checking nl feasibility
constraints = NCubeV.AST.Formula[1.0*x1<=100.0, -1.0*x1<=-0.0, 1.0*x2<=200.0, -1.0*x2<=73.19, 1.0*x3<=-36.59, -1.0*x3<=67.25, (rAccpost*rVel)>(Float32[0.0, 1.87, -102.16]+29287.02+0.01)]
res ≠ :UNSAT = false
checking nl feasibility
constraints = NCubeV.AST.Formula[1.0*x1<=100.0, -1.0*x1<=-0.0, 1.0*x2<=200.0, -1.0*x2<=73.19, 1.0*x3<=100.0, -1.0*x3<=36.59, (rAccpost*rVel)>(Float32[0.0, -21.02, -42.03]+30748.87+0.01)]
res ≠ :UNSAT = false
[APPROX] Verifying correctness of approximation for term (rAccpost*rPos)
checking nl feasibility
constraints = NCubeV.AST.Formula[1.0*x1<=16.38, -1.0*x1<=-0.0, 1.0*x2<=200.0, -1.0*x2<=200.0, 1.0*x3<=-67.25, -1.0*x3<=100.0, (rAccpost*rPos)>(Float32[58.7, 0.0, 79.35]+7935.21+0.01)]
res ≠ :UNSAT = false
checking nl feasibility
constraints = NCubeV.AST.Formula[1.0*x1<=16.38, -1.0*x1<=-0.0, 1.0*x2<=200.0, -1.0*x2<=200.0, 1.0*x3<=-36.59, -1.0*x3<=67.25, (rAccpost*rPos)>(Float32[201.08, 0.0, 3.32]+2395.53+0.01)]
res ≠ :UNSAT = false
checking nl feasibility
constraints = NCubeV.AST.Formula[1.0*x1<=16.38, -1.0*x1<=-0.0, 1.0*x2<=200.0, -1.0*x2<=200.0, 1.0*x3<=100.0, -1.0*x3<=36.59, (rAccpost*rPos)>(Float32[553.85, 0.0, 18.52]+3605.42+0.01)]
res ≠ :UNSAT = false
checking nl feasibility
constraints = NCubeV.AST.Formula[1.0*x1<=31.7, -1.0*x1<=-16.38, 1.0*x2<=200.0, -1.0*x2<=200.0, 1.0*x3<=-67.25, -1.0*x3<=100.0, (rAccpost*rPos)>(Float32[-93.36, 0.0, 150.54]+17117.45+0.01)]
res ≠ :UNSAT = false
checking nl feasibility
constraints = NCubeV.AST.Formula[1.0*x1<=31.7, -1.0*x1<=-16.38, 1.0*x2<=200.0, -1.0*x2<=200.0, 1.0*x3<=-36.59, -1.0*x3<=67.25, (rAccpost*rPos)>(Float32[30.92, 0.0, 65.46]+7456.11+0.01)]
res ≠ :UNSAT = false
checking nl feasibility
constraints = NCubeV.AST.Formula[1.0*x1<=31.7, -1.0*x1<=-16.38, 1.0*x2<=200.0, -1.0*x2<=200.0, 1.0*x3<=100.0, -1.0*x3<=36.59, (rAccpost*rPos)>(Float32[-51.08, 0.0, 50.94]+9875.72+0.01)]
res ≠ :UNSAT = false
checking nl feasibility
constraints = NCubeV.AST.Formula[1.0*x1<=100.0, -1.0*x1<=-31.7, 1.0*x2<=200.0, -1.0*x2<=200.0, 1.0*x3<=-67.25, -1.0*x3<=100.0, (rAccpost*rPos)>(Float32[-62.97, 0.0, 326.92]+34445.96+0.01)]
res ≠ :UNSAT = false
checking nl feasibility
constraints = NCubeV.AST.Formula[1.0*x1<=100.0, -1.0*x1<=-31.7, 1.0*x2<=200.0, -1.0*x2<=200.0, 1.0*x3<=-36.59, -1.0*x3<=67.25, (rAccpost*rPos)>(Float32[1.87, 0.0, 24.46]+7228.09+0.01)]
res ≠ :UNSAT = false
checking nl feasibility
constraints = NCubeV.AST.Formula[1.0*x1<=100.0, -1.0*x1<=-31.7, 1.0*x2<=200.0, -1.0*x2<=200.0, 1.0*x3<=100.0, -1.0*x3<=36.59, (rAccpost*rPos)>(Float32[-21.02, 0.0, 39.49]+8738.01+0.01)]
res ≠ :UNSAT = false
[APPROX] Verifying correctness of approximation for term (rAccpost^2.0)
checking nl feasibility
constraints = NCubeV.AST.Formula[1.0*x1<=100.0, -1.0*x1<=-0.0, 1.0*x2<=200.0, -1.0*x2<=200.0, 1.0*x3<=-0.0, -1.0*x3<=100.0, (rAccpost^2.0)>(Float32[0.0, 0.0, -100.0]+0.0+0.01)]
res ≠ :UNSAT = false
checking nl feasibility
constraints = NCubeV.AST.Formula[1.0*x1<=100.0, -1.0*x1<=-0.0, 1.0*x2<=200.0, -1.0*x2<=200.0, 1.0*x3<=100.0, -1.0*x3<=-0.0, (rAccpost^2.0)>(Float32[0.0, 0.0, 100.0]+0.0+0.01)]
res ≠ :UNSAT = false
[APPROX] Verifying correctness of approximation for term (rVel^2.0)
checking nl feasibility
constraints = NCubeV.AST.Formula[1.0*x1<=100.0, -1.0*x1<=-0.0, 1.0*x2<=-0.0, -1.0*x2<=200.0, 1.0*x3<=100.0, -1.0*x3<=100.0, (rVel^2.0)>(Float32[0.0, -200.0, 0.0]+0.0+0.01)]
res ≠ :UNSAT = false
checking nl feasibility
constraints = NCubeV.AST.Formula[1.0*x1<=100.0, -1.0*x1<=-0.0, 1.0*x2<=200.0, -1.0*x2<=-0.0, 1.0*x3<=100.0, -1.0*x3<=100.0, (rVel^2.0)>(Float32[0.0, 200.0, 0.0]+0.0+0.01)]
res ≠ :UNSAT = false
[APPROX] Approximation Bounds: Vector{Float64}[]
[APPROX] Approximations: Dict{NCubeV.AST.ApproxQuery, NCubeV.AST.Approximation}()
[APPROX] Approximation is ready
[SKELETON] Adding linear dependency constraint
Float32[-1.0, 0.0, 0.0]+0.0<0.0 -> -1.0*x1<=0.0
0.0
[SKELETON] Adding linear dependency constraint
-1.0*x3<=-100.0 -> Float32[0.0, 0.0, -1.0]+0.0<=100.00099999999999
-100.0
[SKELETON] Adding linear dependency constraint
-1.0*x3<=100.0 -> Float32[0.0, 0.0, -1.0]+0.0<=100.00099999999999
100.0
[SKELETON] Adding linear dependency constraint
Float32[0.0, 0.0, -1.0]+0.0<=-100.0 -> -1.0*x3<=100.0
100.0
[SKELETON] Adding linear dependency constraint
1.0*x3<100.0 -> Float32[0.0, 0.0, 1.0]+0.0<=100.00099999999999
100.0
[SKELETON] Adding linear dependency constraint
1.0*x3<0.0 -> Float32[0.0, 0.0, 1.0]+0.0<=100.00099999999999
0.0
[SKELETON] Adding linear dependency constraint
1.0*x3<0.0 -> Float32[0.0, 0.0, 1.0]+0.0<100.0
0.0
[SKELETON] Adding negated linear dependency constraint
!1.0*x3<0.0 | !Float32[0.0, 0.0, -1.0]+0.0<=-100.0
[SKELETON] Adding linear dependency constraint
-1.0*x3<0.0 -> Float32[0.0, 0.0, -1.0]+0.0<=100.00099999999999
0.0
[SKELETON] Adding linear dependency constraint
Float32[0.0, 0.0, -1.0]+0.0<=-100.0 -> -1.0*x3<0.0
0.0
[SKELETON] Adding linear dependency constraint
-1.0*x3<0.0 -> Float32[0.0, 0.0, -1.0]+0.0<=100.0
0.0
[SKELETON] Adding negated linear dependency constraint
!-1.0*x3<0.0 | !Float32[0.0, 0.0, 1.0]+0.0<0.0
[SKELETON] Adding linear dependency constraint
-1.0*x2<0.0 -> Float32[0.0, -1.0, 0.0]+0.0<=200.0
0.0
[SKELETON] Adding linear dependency constraint
1.0*x2<0.0 -> Float32[0.0, 1.0, 0.0]+0.0<=200.0
0.0
[SKELETON] Adding negated linear dependency constraint
!1.0*x2<0.0 | !Float32[0.0, -1.0, 0.0]+0.0<0.0
[SKELETON] Adding linear dependency constraint
-2.0*x3<0.0 -> Float32[0.0, 0.0, -1.0]+0.0<=100.00099999999999
0.0
[SKELETON] Adding linear dependency constraint
Float32[0.0, 0.0, -1.0]+0.0<=-100.0 -> -2.0*x3<0.0
0.0
[SKELETON] Adding linear dependency constraint
-2.0*x3<0.0 -> Float32[0.0, 0.0, -1.0]+0.0<=100.0
0.0
[SKELETON] Adding linear dependency constraint
Float32[0.0, 0.0, -1.0]+0.0<0.0 -> -2.0*x3<0.0
0.0
[SKELETON] Adding negated linear dependency constraint
!-2.0*x3<0.0 | !Float32[0.0, 0.0, 1.0]+0.0<0.0
[SKELETON] Adding linear dependency constraint
2.0*x3<0.0 -> Float32[0.0, 0.0, 1.0]+0.0<=100.00099999999999
0.0
[SKELETON] Adding linear dependency constraint
2.0*x3<0.0 -> Float32[0.0, 0.0, 1.0]+0.0<100.0
0.0
[SKELETON] Adding linear dependency constraint
Float32[0.0, 0.0, 1.0]+0.0<0.0 -> 2.0*x3<0.0
0.0
[SKELETON] Adding negated linear dependency constraint
!2.0*x3<0.0 | !Float32[0.0, 0.0, -1.0]+0.0<=-100.0
[SKELETON] Adding negated linear dependency constraint
!2.0*x3<0.0 | !Float32[0.0, 0.0, -1.0]+0.0<0.0
[SKELETON] Adding negated linear dependency constraint
!2.0*x3<0.0 | !Float32[0.0, 0.0, -1.0]+0.0<0.0
[SKELETON] Adding linear dependency constraint
1.0*x3<=0.0 -> Float32[0.0, 0.0, 1.0]+0.0<=100.00099999999999
0.0
[SKELETON] Adding linear dependency constraint
1.0*x3<=0.0 -> Float32[0.0, 0.0, 1.0]+0.0<100.0
0.0
[SKELETON] Adding linear dependency constraint
Float32[0.0, 0.0, 1.0]+0.0<0.0 -> 1.0*x3<=0.0
0.0
[SKELETON] Adding linear dependency constraint
Float32[0.0, 0.0, 1.0]+0.0<0.0 -> 1.0*x3<=0.0
0.0
[SKELETON] Adding negated linear dependency constraint
!1.0*x3<=0.0 | !Float32[0.0, 0.0, -1.0]+0.0<=-100.0
[SKELETON] Adding negated linear dependency constraint
!1.0*x3<=0.0 | !Float32[0.0, 0.0, -1.0]+0.0<0.0
[SKELETON] Adding negated linear dependency constraint
!1.0*x3<=0.0 | !Float32[0.0, 0.0, -1.0]+0.0<0.0
[SKELETON] Adding linear dependency constraint
-1.0*x3<=0.0 -> Float32[0.0, 0.0, -1.0]+0.0<=100.00099999999999
0.0
[SKELETON] Adding linear dependency constraint
Float32[0.0, 0.0, -1.0]+0.0<=-100.0 -> -1.0*x3<=0.0
0.0
[SKELETON] Adding linear dependency constraint
-1.0*x3<=0.0 -> Float32[0.0, 0.0, -1.0]+0.0<=100.0
0.0
[SKELETON] Adding linear dependency constraint
Float32[0.0, 0.0, -1.0]+0.0<0.0 -> -1.0*x3<=0.0
0.0
[SKELETON] Adding linear dependency constraint
Float32[0.0, 0.0, -1.0]+0.0<0.0 -> -1.0*x3<=0.0
0.0
[SKELETON] Adding negated linear dependency constraint
!-1.0*x3<=0.0 | !Float32[0.0, 0.0, 1.0]+0.0<0.0
[SKELETON] Adding negated linear dependency constraint
!-1.0*x3<=0.0 | !Float32[0.0, 0.0, 1.0]+0.0<0.0
checking lin feasibility
constraints = NCubeV.AST.LinearConstraint[-1.0*x1<=-31.7, 1.0*x1<=100.0, -1.0*x2<=0.0, 1.0*x2<=200.0, -1.0*x3<=0.0, 1.0*x3<=100.0, -1.0*x1<0.0, -1.0*x1<=0.0, 1.0*x1<=100.0, -1.0*x2<=200.0, 1.0*x2<=200.0, -1.0*x3<=100.0, 1.0*x3<=100.0, 1.0*x3<100.0, -1.0*x3<=0.0, 1.0*x3<=0.0, -1.0*x2<=0.0, 2.0*x3<=0.0, -2.0*x3<=0.0, -1.0*x3<0.0, 1.0*x3<0.0]
res ≠ :UNSAT = false
checking lin feasibility
constraints = NCubeV.AST.LinearConstraint[-1.0*x1<=-31.7, 1.0*x1<=100.0, -1.0*x2<=0.0, 1.0*x2<=200.0, -1.0*x3<=0.0, 1.0*x3<=100.0, -1.0*x12.0*x2<=200.0, -1.0*x11.95*x20.11*x3<250.15, 42.03*x1400.0*x2-78.98*x3<57476.02, 103.58*x1-200.0*x2151.79*x3<30005.74, -1.0*x11.9*x2<200.0]
res ≠ :UNSAT = true
  8.393498 seconds (28.85 M allocations: 1.414 GiB, 5.15% gc time, 52.25% compilation time: <1% of which was recompilation)
----------------------------------------------------------
# Unsafe Stars: 0
Saving final results in /tmp/results.jld...
No counterexamples found -> SAFE
────────────────────────────────────────────────────────────────────────────────────────────────
                                                       Time                    Allocations      
                                              ───────────────────────   ────────────────────────
              Tot / % measured:                    8.41s /  89.4%           1.41GiB /  79.8%    

Section                               ncalls     time    %tot     avg     alloc    %tot      avg
────────────────────────────────────────────────────────────────────────────────────────────────
get_approx_query                           1    7.43s   98.9%   7.43s   1.12GiB   99.6%  1.12GiB
  OVERT                                    4    2.63s   35.0%   658ms    282MiB   24.4%  70.5MiB
  SMTprep                                 44   4.80ms    0.1%   109μs   14.3KiB    0.0%     333B
query_iteration                            1   83.2ms    1.1%  83.2ms   5.16MiB    0.4%  5.16MiB
  next_query                               1   59.0ms    0.8%  59.0ms   2.16MiB    0.2%  2.16MiB
    check_infeasibility                    1   58.4ms    0.8%  58.4ms   2.09MiB    0.2%  2.09MiB
      check_infeasibility_linear           1   58.4ms    0.8%  58.4ms   2.09MiB    0.2%  2.09MiB
        LP_create_model                    1    939μs    0.0%   939μs   57.0KiB    0.0%  57.0KiB
        SMTprep                            2    184μs    0.0%  92.1μs      608B    0.0%     304B
        LP_populate_constraints            1    171μs    0.0%   171μs   57.9KiB    0.0%  57.9KiB
        LP_check                           1    166μs    0.0%   166μs   18.0KiB    0.0%  18.0KiB
        LP_add_constraints                 1   54.8μs    0.0%  54.8μs   23.9KiB    0.0%  23.9KiB
        feasibility_cache_check            2   4.39μs    0.0%  2.20μs     64.0B    0.0%    32.0B
        feasibility_cache_add              1   3.82μs    0.0%  3.82μs      256B    0.0%     256B
      check_infeasibility_nonlinear        1   1.97μs    0.0%  1.97μs     32.0B    0.0%    32.0B
    approx_resolution                      1    182μs    0.0%   182μs   34.4KiB    0.0%  34.4KiB
    PicoSAT_solve                          2    147μs    0.0%  73.4μs     64.0B    0.0%    32.0B
    atom_recovery                          1   63.1μs    0.0%  63.1μs   8.36KiB    0.0%  8.36KiB
      atom_computation                     1   43.4μs    0.0%  43.4μs   6.31KiB    0.0%  6.31KiB
      bound_computation                    1   14.0μs    0.0%  14.0μs      448B    0.0%     448B
    bound_atoms                            1   43.2μs    0.0%  43.2μs   7.27KiB    0.0%  7.27KiB
    check_infeasibility_prep               2   9.91μs    0.0%  4.96μs   3.45KiB    0.0%  1.73KiB
  boolean_skeleton                         1   24.1ms    0.3%  24.1ms   3.00MiB    0.3%  3.00MiB
──────────────────────────────────────────────────────────────────────────────────────────────── Done
[CMD] Not using cores for SMT queries
[CMD] Not normalizing atoms
[CMD] Using SMT solver: Z3
[CMD] Using verifier: NNEnum
[CMD] Parsed initial query: NCubeV.AST.Query(((-1.0*x1<0.0&((-1.0*rPos)+(0.004999999999999999*(rVel^2.0)))<=0.0&-1.0*x1<=0.0&1.0*x1<=100.0&-1.0*x2<=200.0&1.0*x2<=200.0&-1.0*x3<=100.0&1.0*x3<=100.0)->(-1.0*x3<=-100.0|(-1.0*x3<=100.0&1.0*x3<100.0&(1.0*x3<0.0|-1.0*x3<0.0)&((((-1.0*x3<0.0&1.0*x20.1*x3<0.0)|(1.0*x3<0.0&-1.0*x2-0.1*x3<0.0)|(-1.0*x3<0.0&-1.0*x2<0.0)|(1.0*x3<0.0&1.0*x2<0.0))&((-0.005000000000000001*rAccpost)+(-0.1*rVel)+(-1.0*rPos)+(5.0e-5*(rAccpost^2.0))+(0.004999999999999999*(rVel^2.0))+(0.001*rAccpost*rVel))<0.0)|(((-0.005000000000000001*rAccpost)+(-0.1*rVel)+(-1.0*rPos)+(5.0e-5*(rAccpost^2.0))+(0.004999999999999999*(rVel^2.0))+(0.001*rAccpost*rVel))<0.0&((-2.0*x3<0.0&((rVel^2.0)+(-2.0*rAccpost*rPos))<0.0)|(2.0*x3<0.0&((-1.0*(rVel^2.0))+(2.0*rAccpost*rPos))<0.0)))))|(1.0*x3<=0.0&-1.0*x3<=0.0&((-0.1*rVel)+(-1.0*rPos)+(0.004999999999999999*(rVel^2.0)))<0.0))), Set(NCubeV.AST.Variable[rAccpost, rVel, rPos]), 2, 1, Dict{NCubeV.AST.ApproxQuery, NCubeV.AST.Approximation}(), Vector{Float64}[])
[CMD] SMT Timeout: 10s
[CTRL] Iterating over conjunctions...
[APPROX] Trying to build approximation...
[APPROX] Generating expression for (rAccpost*rVel)...
Val Ranges: Dict(:x2 => [-200.0, 200.0], :x3 => [-100.00100708007812, 100.00100708007812], :x1 => [0.0, 100.0])
Using N=1, ϵ=0.0, rel_error_tol=0.005
[APPROX] Generating expression for (rAccpost*rPos)...
Val Ranges: Dict(:x2 => [-200.0, 200.0], :x3 => [-100.00100708007812, 100.00100708007812], :x1 => [0.0, 100.0])
Using N=1, ϵ=0.0, rel_error_tol=0.005
[APPROX] Generating expression for (rAccpost^2.0)...
Val Ranges: Dict(:x2 => [-200.0, 200.0], :x3 => [-100.00100708007812, 100.00100708007812], :x1 => [0.0, 100.0])
Using N=1, ϵ=0.0, rel_error_tol=0.005
[APPROX] Generating expression for (rVel^2.0)...
Val Ranges: Dict(:x2 => [-200.0, 200.0], :x3 => [-100.00100708007812, 100.00100708007812], :x1 => [0.0, 100.0])
Using N=1, ϵ=0.0, rel_error_tol=0.005
[APPROX] Verifying correctness of approximation for term (rAccpost*rVel)
checking nl feasibility
constraints = NCubeV.AST.Formula[1.0*x1<=100.0, -1.0*x1<=-0.0, 1.0*x2<=-134.49, -1.0*x2<=200.0, 1.0*x3<=-67.25, -1.0*x3<=100.0, (rAccpost*rVel)<(Float32[0.0, -113.86, -227.71]+-25543.07+-0.01)]
res ≠ :UNSAT = false
checking nl feasibility
constraints = NCubeV.AST.Formula[1.0*x1<=100.0, -1.0*x1<=-0.0, 1.0*x2<=-134.49, -1.0*x2<=200.0, 1.0*x3<=-36.59, -1.0*x3<=67.25, (rAccpost*rVel)<(Float32[0.0, -113.86, -218.23]+-24905.56+-0.01)]
res ≠ :UNSAT = false
checking nl feasibility
constraints = NCubeV.AST.Formula[1.0*x1<=100.0, -1.0*x1<=-0.0, 1.0*x2<=-134.49, -1.0*x2<=200.0, 1.0*x3<=100.0, -1.0*x3<=36.59, (rAccpost*rVel)<(Float32[0.0, -114.42, -233.94]+-25630.99+-0.01)]
res ≠ :UNSAT = false
checking nl feasibility
constraints = NCubeV.AST.Formula[1.0*x1<=100.0, -1.0*x1<=-0.0, 1.0*x2<=-73.19, -1.0*x2<=134.49, 1.0*x3<=-67.25, -1.0*x3<=100.0, (rAccpost*rVel)<(Float32[0.0, -109.12, -227.71]+-24905.56+-0.01)]
res ≠ :UNSAT = false
checking nl feasibility
constraints = NCubeV.AST.Formula[1.0*x1<=100.0, -1.0*x1<=-0.0, 1.0*x2<=-73.19, -1.0*x2<=134.49, 1.0*x3<=-36.59, -1.0*x3<=67.25, (rAccpost*rVel)<(Float32[0.0, -109.12, -218.23]+-24268.04+-0.01)]
res ≠ :UNSAT = false
checking nl feasibility
constraints = NCubeV.AST.Formula[1.0*x1<=100.0, -1.0*x1<=-0.0, 1.0*x2<=-73.19, -1.0*x2<=134.49, 1.0*x3<=100.0, -1.0*x3<=36.59, (rAccpost*rVel)<(Float32[0.0, -114.78, -240.66]+-25889.54+-0.01)]
res ≠ :UNSAT = false
checking nl feasibility
constraints = NCubeV.AST.Formula[1.0*x1<=100.0, -1.0*x1<=-0.0, 1.0*x2<=200.0, -1.0*x2<=73.19, 1.0*x3<=-67.25, -1.0*x3<=100.0, (rAccpost*rVel)<(Float32[0.0, -116.97, -228.84]+-25630.99+-0.01)]
res ≠ :UNSAT = false
checking nl feasibility
constraints = NCubeV.AST.Formula[1.0*x1<=100.0, -1.0*x1<=-0.0, 1.0*x2<=200.0, -1.0*x2<=73.19, 1.0*x3<=-36.59, -1.0*x3<=67.25, (rAccpost*rVel)<(Float32[0.0, -120.33, -229.56]+-25889.54+-0.01)]
res ≠ :UNSAT = false
checking nl feasibility
constraints = NCubeV.AST.Formula[1.0*x1<=100.0, -1.0*x1<=-0.0, 1.0*x2<=200.0, -1.0*x2<=73.19, 1.0*x3<=100.0, -1.0*x3<=36.59, (rAccpost*rVel)<(Float32[0.0, 51.79, 103.58]+-49653.69+-0.01)]
res ≠ :UNSAT = false
[APPROX] Verifying correctness of approximation for term (rAccpost*rPos)
checking nl feasibility
constraints = NCubeV.AST.Formula[1.0*x1<=16.38, -1.0*x1<=-0.0, 1.0*x2<=200.0, -1.0*x2<=200.0, 1.0*x3<=-67.25, -1.0*x3<=100.0, (rAccpost*rPos)<(Float32[-113.86, 0.0, -6.93]+-692.86+-0.01)]
res ≠ :UNSAT = false
checking nl feasibility
constraints = NCubeV.AST.Formula[1.0*x1<=16.38, -1.0*x1<=-0.0, 1.0*x2<=200.0, -1.0*x2<=200.0, 1.0*x3<=-36.59, -1.0*x3<=67.25, (rAccpost*rPos)<(Float32[-113.86, 0.0, -4.56]+-533.48+-0.01)]
res ≠ :UNSAT = false
checking nl feasibility
constraints = NCubeV.AST.Formula[1.0*x1<=16.38, -1.0*x1<=-0.0, 1.0*x2<=200.0, -1.0*x2<=200.0, 1.0*x3<=100.0, -1.0*x3<=36.59, (rAccpost*rPos)<(Float32[-114.42, 0.0, -8.48]+-686.63+-0.01)]
res ≠ :UNSAT = false
checking nl feasibility
constraints = NCubeV.AST.Formula[1.0*x1<=31.7, -1.0*x1<=-16.38, 1.0*x2<=200.0, -1.0*x2<=200.0, 1.0*x3<=-67.25, -1.0*x3<=100.0, (rAccpost*rPos)<(Float32[-109.12, 0.0, -6.93]+-770.49+-0.01)]
res ≠ :UNSAT = false
checking nl feasibility
constraints = NCubeV.AST.Formula[1.0*x1<=31.7, -1.0*x1<=-16.38, 1.0*x2<=200.0, -1.0*x2<=200.0, 1.0*x3<=-36.59, -1.0*x3<=67.25, (rAccpost*rPos)<(Float32[-109.12, 0.0, -4.56]+-611.11+-0.01)]
res ≠ :UNSAT = false
checking nl feasibility
constraints = NCubeV.AST.Formula[1.0*x1<=31.7, -1.0*x1<=-16.38, 1.0*x2<=200.0, -1.0*x2<=200.0, 1.0*x3<=100.0, -1.0*x3<=36.59, (rAccpost*rPos)<(Float32[-114.78, 0.0, -10.16]+-733.32+-0.01)]
res ≠ :UNSAT = false
checking nl feasibility
constraints = NCubeV.AST.Formula[1.0*x1<=100.0, -1.0*x1<=-31.7, 1.0*x2<=200.0, -1.0*x2<=200.0, 1.0*x3<=-67.25, -1.0*x3<=100.0, (rAccpost*rPos)<(Float32[-116.97, 0.0, -7.21]+-559.29+-0.01)]
res ≠ :UNSAT = false
checking nl feasibility
constraints = NCubeV.AST.Formula[1.0*x1<=100.0, -1.0*x1<=-31.7, 1.0*x2<=200.0, -1.0*x2<=200.0, 1.0*x3<=-36.59, -1.0*x3<=67.25, (rAccpost*rPos)<(Float32[-120.33, 0.0, -7.39]+-455.84+-0.01)]
res ≠ :UNSAT = false
checking nl feasibility
constraints = NCubeV.AST.Formula[1.0*x1<=100.0, -1.0*x1<=-31.7, 1.0*x2<=200.0, -1.0*x2<=200.0, 1.0*x3<=100.0, -1.0*x3<=36.59, (rAccpost*rPos)<(Float32[51.79, 0.0, 75.89]+-15002.87+-0.01)]
res ≠ :UNSAT = false
[APPROX] Verifying correctness of approximation for term (rAccpost^2.0)
checking nl feasibility
constraints = NCubeV.AST.Formula[1.0*x1<=100.0, -1.0*x1<=-0.0, 1.0*x2<=200.0, -1.0*x2<=200.0, 1.0*x3<=-0.0, -1.0*x3<=100.0, (rAccpost^2.0)<(Float32[0.0, 0.0, -200.0]+-10000.2+-0.01)]
res ≠ :UNSAT = false
checking nl feasibility
constraints = NCubeV.AST.Formula[1.0*x1<=100.0, -1.0*x1<=-0.0, 1.0*x2<=200.0, -1.0*x2<=200.0, 1.0*x3<=100.0, -1.0*x3<=-0.0, (rAccpost^2.0)<(Float32[0.0, 0.0, 200.0]+-10000.2+-0.01)]
res ≠ :UNSAT = false
[APPROX] Verifying correctness of approximation for term (rVel^2.0)
checking nl feasibility
constraints = NCubeV.AST.Formula[1.0*x1<=100.0, -1.0*x1<=-0.0, 1.0*x2<=-0.0, -1.0*x2<=200.0, 1.0*x3<=100.0, -1.0*x3<=100.0, (rVel^2.0)<(Float32[0.0, -400.0, 0.0]+-40000.0+-0.01)]
res ≠ :UNSAT = false
checking nl feasibility
constraints = NCubeV.AST.Formula[1.0*x1<=100.0, -1.0*x1<=-0.0, 1.0*x2<=200.0, -1.0*x2<=-0.0, 1.0*x3<=100.0, -1.0*x3<=100.0, (rVel^2.0)<(Float32[0.0, 400.0, 0.0]+-40000.0+-0.01)]
res ≠ :UNSAT = false
[APPROX] Verifying correctness of approximation for term (rAccpost*rVel)
checking nl feasibility
constraints = NCubeV.AST.Formula[1.0*x1<=100.0, -1.0*x1<=-0.0, 1.0*x2<=-134.49, -1.0*x2<=200.0, 1.0*x3<=-67.25, -1.0*x3<=100.0, (rAccpost*rVel)>(Float32[0.0, 58.7, 117.41]+43481.52+0.01)]
res ≠ :UNSAT = false
checking nl feasibility
constraints = NCubeV.AST.Formula[1.0*x1<=100.0, -1.0*x1<=-0.0, 1.0*x2<=-134.49, -1.0*x2<=200.0, 1.0*x3<=-36.59, -1.0*x3<=67.25, (rAccpost*rVel)>(Float32[0.0, 201.08, -186.71]+49798.75+0.01)]
res ≠ :UNSAT = false
checking nl feasibility
constraints = NCubeV.AST.Formula[1.0*x1<=100.0, -1.0*x1<=-0.0, 1.0*x2<=-134.49, -1.0*x2<=200.0, 1.0*x3<=100.0, -1.0*x3<=36.59, (rAccpost*rVel)>(Float32[0.0, 553.85, -125.93]+125190.78+0.01)]
res ≠ :UNSAT = false
checking nl feasibility
constraints = NCubeV.AST.Formula[1.0*x1<=100.0, -1.0*x1<=-0.0, 1.0*x2<=-73.19, -1.0*x2<=134.49, 1.0*x3<=-67.25, -1.0*x3<=100.0, (rAccpost*rVel)>(Float32[0.0, -93.36, 402.16]+49798.76+0.01)]
res ≠ :UNSAT = false
checking nl feasibility
constraints = NCubeV.AST.Formula[1.0*x1<=100.0, -1.0*x1<=-0.0, 1.0*x2<=-73.19, -1.0*x2<=134.49, 1.0*x3<=-36.59, -1.0*x3<=67.25, (rAccpost*rVel)>(Float32[0.0, 30.92, 61.84]+36009.0+0.01)]
res ≠ :UNSAT = false
checking nl feasibility
constraints = NCubeV.AST.Formula[1.0*x1<=100.0, -1.0*x1<=-0.0, 1.0*x2<=-73.19, -1.0*x2<=134.49, 1.0*x3<=100.0, -1.0*x3<=36.59, (rAccpost*rVel)>(Float32[0.0, -51.08, 3.75]+29287.02+0.01)]
res ≠ :UNSAT = false
checking nl feasibility
constraints = NCubeV.AST.Formula[1.0*x1<=100.0, -1.0*x1<=-0.0, 1.0*x2<=200.0, -1.0*x2<=73.19, 1.0*x3<=-67.25, -1.0*x3<=100.0, (rAccpost*rVel)>(Float32[0.0, -62.97, 1107.68]+125190.79+0.01)]
res ≠ :UNSAT = false
checking nl feasibility
constraints = NCubeV.AST.Formula[1.0*x1<=100.0, -1.0*x1<=-0.0, 1.0*x2<=200.0, -1.0*x2<=73.19, 1.0*x3<=-36.59, -1.0*x3<=67.25, (rAccpost*rVel)>(Float32[0.0, 1.87, -102.16]+29287.02+0.01)]
res ≠ :UNSAT = false
checking nl feasibility
constraints = NCubeV.AST.Formula[1.0*x1<=100.0, -1.0*x1<=-0.0, 1.0*x2<=200.0, -1.0*x2<=73.19, 1.0*x3<=100.0, -1.0*x3<=36.59, (rAccpost*rVel)>(Float32[0.0, -21.02, -42.03]+30748.87+0.01)]
res ≠ :UNSAT = false
        println()
[APPROX] Verifying correctness of approximation for term (rAccpost*rPos)
checking nl feasibility
constraints = NCubeV.AST.Formula[1.0*x1<=16.38, -1.0*x1<=-0.0, 1.0*x2<=200.0, -1.0*x2<=200.0, 1.0*x3<=-67.25, -1.0*x3<=100.0, (rAccpost*rPos)>(Float32[58.7, 0.0, 79.35]+7935.21+0.01)]
res ≠ :UNSAT = false
checking nl feasibility
constraints = NCubeV.AST.Formula[1.0*x1<=16.38, -1.0*x1<=-0.0, 1.0*x2<=200.0, -1.0*x2<=200.0, 1.0*x3<=-36.59, -1.0*x3<=67.25, (rAccpost*rPos)>(Float32[201.08, 0.0, 3.32]+2395.53+0.01)]
res ≠ :UNSAT = false
checking nl feasibility
constraints = NCubeV.AST.Formula[1.0*x1<=16.38, -1.0*x1<=-0.0, 1.0*x2<=200.0, -1.0*x2<=200.0, 1.0*x3<=100.0, -1.0*x3<=36.59, (rAccpost*rPos)>(Float32[553.85, 0.0, 18.52]+3605.42+0.01)]
res ≠ :UNSAT = false
checking nl feasibility
constraints = NCubeV.AST.Formula[1.0*x1<=31.7, -1.0*x1<=-16.38, 1.0*x2<=200.0, -1.0*x2<=200.0, 1.0*x3<=-67.25, -1.0*x3<=100.0, (rAccpost*rPos)>(Float32[-93.36, 0.0, 150.54]+17117.45+0.01)]
res ≠ :UNSAT = false
checking nl feasibility
constraints = NCubeV.AST.Formula[1.0*x1<=31.7, -1.0*x1<=-16.38, 1.0*x2<=200.0, -1.0*x2<=200.0, 1.0*x3<=-36.59, -1.0*x3<=67.25, (rAccpost*rPos)>(Float32[30.92, 0.0, 65.46]+7456.11+0.01)]
res ≠ :UNSAT = false
checking nl feasibility
constraints = NCubeV.AST.Formula[1.0*x1<=31.7, -1.0*x1<=-16.38, 1.0*x2<=200.0, -1.0*x2<=200.0, 1.0*x3<=100.0, -1.0*x3<=36.59, (rAccpost*rPos)>(Float32[-51.08, 0.0, 50.94]+9875.72+0.01)]
res ≠ :UNSAT = false
checking nl feasibility
constraints = NCubeV.AST.Formula[1.0*x1<=100.0, -1.0*x1<=-31.7, 1.0*x2<=200.0, -1.0*x2<=200.0, 1.0*x3<=-67.25, -1.0*x3<=100.0, (rAccpost*rPos)>(Float32[-62.97, 0.0, 326.92]+34445.96+0.01)]
res ≠ :UNSAT = false
checking nl feasibility
constraints = NCubeV.AST.Formula[1.0*x1<=100.0, -1.0*x1<=-31.7, 1.0*x2<=200.0, -1.0*x2<=200.0, 1.0*x3<=-36.59, -1.0*x3<=67.25, (rAccpost*rPos)>(Float32[1.87, 0.0, 24.46]+7228.09+0.01)]
res ≠ :UNSAT = false
checking nl feasibility
constraints = NCubeV.AST.Formula[1.0*x1<=100.0, -1.0*x1<=-31.7, 1.0*x2<=200.0, -1.0*x2<=200.0, 1.0*x3<=100.0, -1.0*x3<=36.59, (rAccpost*rPos)>(Float32[-21.02, 0.0, 39.49]+8738.01+0.01)]
res ≠ :UNSAT = false
^C
[268343] signal (2): Interrupt
in expression starting at /home/jango/projects/NCubeV/deps/sysimage/trace_run.jl:13
jl_is_namedtuple_type at /cache/build/builder-amdci4-4/julialang/julia-release-1-dot-10/src/julia.h:1464 [inlined]
ijl_field_index at /cache/build/builder-amdci4-4/julialang/julia-release-1-dot-10/src/datatype.c:1540
get_checked_fieldindex at /cache/build/builder-amdci4-4/julialang/julia-release-1-dot-10/src/builtins.c:935 [inlined]
jl_f_getfield at /cache/build/builder-amdci4-4/julialang/julia-release-1-dot-10/src/builtins.c:969
getproperty at ./Base.jl:32 [inlined]
nameof at ./reflection.jl:1754
_nameof at /home/jango/.julia/packages/SymbolicUtils/qulQp/src/rule.jl:39 [inlined]
ACRule at /home/jango/.julia/packages/SymbolicUtils/qulQp/src/rule.jl:49
unknown function (ip: 0x7de18c1b0915)
_jl_invoke at /cache/build/builder-amdci4-4/julialang/julia-release-1-dot-10/src/gf.c:2895 [inlined]
ijl_apply_generic at /cache/build/builder-amdci4-4/julialang/julia-release-1-dot-10/src/gf.c:3077
macro expansion at /home/jango/.julia/packages/Metatheory/wqlT2/src/utils.jl:171 [inlined]
Chain at /home/jango/.julia/packages/Metatheory/wqlT2/src/Rewriters.jl:69
IfElse at /home/jango/.julia/packages/Metatheory/wqlT2/src/Rewriters.jl:58
unknown function (ip: 0x7de18c1cfd05)
_jl_invoke at /cache/build/builder-amdci4-4/julialang/julia-release-1-dot-10/src/gf.c:2895 [inlined]
ijl_apply_generic at /cache/build/builder-amdci4-4/julialang/julia-release-1-dot-10/src/gf.c:3077
macro expansion at /home/jango/.julia/packages/Metatheory/wqlT2/src/utils.jl:171 [inlined]
Chain at /home/jango/.julia/packages/Metatheory/wqlT2/src/Rewriters.jl:69
unknown function (ip: 0x7de18c19d725)
_jl_invoke at /cache/build/builder-amdci4-4/julialang/julia-release-1-dot-10/src/gf.c:2895 [inlined]
ijl_apply_generic at /cache/build/builder-amdci4-4/julialang/julia-release-1-dot-10/src/gf.c:3077
macro expansion at /home/jango/.julia/packages/Metatheory/wqlT2/src/utils.jl:171 [inlined]
Chain at /home/jango/.julia/packages/Metatheory/wqlT2/src/Rewriters.jl:69
Walk at /home/jango/.julia/packages/Metatheory/wqlT2/src/Rewriters.jl:200
PassThrough at /home/jango/.julia/packages/Metatheory/wqlT2/src/Rewriters.jl:188
unknown function (ip: 0x7de18c19da75)
_jl_invoke at /cache/build/builder-amdci4-4/julialang/julia-release-1-dot-10/src/gf.c:2895 [inlined]
ijl_apply_generic at /cache/build/builder-amdci4-4/julialang/julia-release-1-dot-10/src/gf.c:3077
iterate at ./generator.jl:47 [inlined]
collect_to! at ./array.jl:892
collect_to_with_first! at ./array.jl:870
unknown function (ip: 0x7de18c1893f8)
_jl_invoke at /cache/build/builder-amdci4-4/julialang/julia-release-1-dot-10/src/gf.c:2895 [inlined]
ijl_apply_generic at /cache/build/builder-amdci4-4/julialang/julia-release-1-dot-10/src/gf.c:3077
_collect at ./array.jl:864
collect_similar at ./array.jl:763 [inlined]
map at ./abstractarray.jl:3285 [inlined]
Walk at /home/jango/.julia/packages/Metatheory/wqlT2/src/Rewriters.jl:198
IfElse at /home/jango/.julia/packages/Metatheory/wqlT2/src/Rewriters.jl:58
unknown function (ip: 0x7de18c19e0a5)
_jl_invoke at /cache/build/builder-amdci4-4/julialang/julia-release-1-dot-10/src/gf.c:2895 [inlined]
ijl_apply_generic at /cache/build/builder-amdci4-4/julialang/julia-release-1-dot-10/src/gf.c:3077
macro expansion at /home/jango/.julia/packages/Metatheory/wqlT2/src/utils.jl:171 [inlined]
Chain at /home/jango/.julia/packages/Metatheory/wqlT2/src/Rewriters.jl:69
Walk at /home/jango/.julia/packages/Metatheory/wqlT2/src/Rewriters.jl:200
PassThrough at /home/jango/.julia/packages/Metatheory/wqlT2/src/Rewriters.jl:188
unknown function (ip: 0x7de18c19da75)
_jl_invoke at /cache/build/builder-amdci4-4/julialang/julia-release-1-dot-10/src/gf.c:2895 [inlined]
ijl_apply_generic at /cache/build/builder-amdci4-4/julialang/julia-release-1-dot-10/src/gf.c:3077
iterate at ./generator.jl:47 [inlined]
collect_to! at ./array.jl:892
collect_to_with_first! at ./array.jl:870
unknown function (ip: 0x7de18c1893f8)
_jl_invoke at /cache/build/builder-amdci4-4/julialang/julia-release-1-dot-10/src/gf.c:2895 [inlined]
ijl_apply_generic at /cache/build/builder-amdci4-4/julialang/julia-release-1-dot-10/src/gf.c:3077
_collect at ./array.jl:864
collect_similar at ./array.jl:763 [inlined]
map at ./abstractarray.jl:3285 [inlined]
Walk at /home/jango/.julia/packages/Metatheory/wqlT2/src/Rewriters.jl:198
unknown function (ip: 0x7de18c19d9c5)
_jl_invoke at /cache/build/builder-amdci4-4/julialang/julia-release-1-dot-10/src/gf.c:2895 [inlined]
ijl_apply_generic at /cache/build/builder-amdci4-4/julialang/julia-release-1-dot-10/src/gf.c:3077
macro expansion at /home/jango/.julia/packages/Metatheory/wqlT2/src/utils.jl:171 [inlined]
Fixpoint at /home/jango/.julia/packages/Metatheory/wqlT2/src/Rewriters.jl:122
PassThrough at /home/jango/.julia/packages/Metatheory/wqlT2/src/Rewriters.jl:188 [inlined]
simplify at /home/jango/projects/NCubeV/src/AST/SymbolicUtils.jl:282
unknown function (ip: 0x7de1651bca25)
_jl_invoke at /cache/build/builder-amdci4-4/julialang/julia-release-1-dot-10/src/gf.c:2895 [inlined]
ijl_apply_generic at /cache/build/builder-amdci4-4/julialang/julia-release-1-dot-10/src/gf.c:3077
find_univariate_minmax at /home/jango/projects/NCubeV/src/Approx/Approximation.jl:183
unknown function (ip: 0x7de1651bb3bc)
_jl_invoke at /cache/build/builder-amdci4-4/julialang/julia-release-1-dot-10/src/gf.c:2895 [inlined]
ijl_apply_generic at /cache/build/builder-amdci4-4/julialang/julia-release-1-dot-10/src/gf.c:3077
resolve_univariate_minmax at /home/jango/projects/NCubeV/src/Approx/Approximation.jl:287
resolve_approximation at /home/jango/projects/NCubeV/src/Approx/Approximation.jl:438 [inlined]
get_approx_query at /home/jango/projects/NCubeV/src/Approx/Generation.jl:59
#run_query#1 at /home/jango/projects/NCubeV/src/Control/Processing.jl:106
unknown function (ip: 0x7de16556699f)
_jl_invoke at /cache/build/builder-amdci4-4/julialang/julia-release-1-dot-10/src/gf.c:2895 [inlined]
ijl_apply_generic at /cache/build/builder-amdci4-4/julialang/julia-release-1-dot-10/src/gf.c:3077
run_query at /home/jango/projects/NCubeV/src/Control/Processing.jl:99
unknown function (ip: 0x7de165542f9b)
_jl_invoke at /cache/build/builder-amdci4-4/julialang/julia-release-1-dot-10/src/gf.c:2895 [inlined]
ijl_apply_generic at /cache/build/builder-amdci4-4/julialang/julia-release-1-dot-10/src/gf.c:3077
#3 at /home/jango/projects/NCubeV/src/Cmd/Main.jl:135
#smt_context#9 at /home/jango/projects/NCubeV/src/SMTInterface/Base.jl:10
unknown function (ip: 0x7de165542a66)
_jl_invoke at /cache/build/builder-amdci4-4/julialang/julia-release-1-dot-10/src/gf.c:2895 [inlined]
ijl_apply_generic at /cache/build/builder-amdci4-4/julialang/julia-release-1-dot-10/src/gf.c:3077
smt_context at /home/jango/projects/NCubeV/src/SMTInterface/Base.jl:8
unknown function (ip: 0x7de165541c03)
_jl_invoke at /cache/build/builder-amdci4-4/julialang/julia-release-1-dot-10/src/gf.c:2895 [inlined]
ijl_apply_generic at /cache/build/builder-amdci4-4/julialang/julia-release-1-dot-10/src/gf.c:3077
run_internal at /home/jango/projects/NCubeV/src/Cmd/Main.jl:134
unknown function (ip: 0x7de18c1362e5)
_jl_invoke at /cache/build/builder-amdci4-4/julialang/julia-release-1-dot-10/src/gf.c:2895 [inlined]
ijl_apply_generic at /cache/build/builder-amdci4-4/julialang/julia-release-1-dot-10/src/gf.c:3077
macro expansion at ./timing.jl:279 [inlined]
run_cmd at /home/jango/projects/NCubeV/src/Cmd/Main.jl:159
unknown function (ip: 0x7de18c11ff45)
_jl_invoke at /cache/build/builder-amdci4-4/julialang/julia-release-1-dot-10/src/gf.c:2895 [inlined]
ijl_apply_generic at /cache/build/builder-amdci4-4/julialang/julia-release-1-dot-10/src/gf.c:3077
jl_apply at /cache/build/builder-amdci4-4/julialang/julia-release-1-dot-10/src/julia.h:1982 [inlined]
do_call at /cache/build/builder-amdci4-4/julialang/julia-release-1-dot-10/src/interpreter.c:126
eval_value at /cache/build/builder-amdci4-4/julialang/julia-release-1-dot-10/src/interpreter.c:223
eval_stmt_value at /cache/build/builder-amdci4-4/julialang/julia-release-1-dot-10/src/interpreter.c:174 [inlined]
eval_body at /cache/build/builder-amdci4-4/julialang/julia-release-1-dot-10/src/interpreter.c:617
jl_interpret_toplevel_thunk at /cache/build/builder-amdci4-4/julialang/julia-release-1-dot-10/src/interpreter.c:775
jl_toplevel_eval_flex at /cache/build/builder-amdci4-4/julialang/julia-release-1-dot-10/src/toplevel.c:934
jl_toplevel_eval_flex at /cache/build/builder-amdci4-4/julialang/julia-release-1-dot-10/src/toplevel.c:877
ijl_toplevel_eval_in at /cache/build/builder-amdci4-4/julialang/julia-release-1-dot-10/src/toplevel.c:985
eval at ./boot.jl:385 [inlined]
include_string at ./loading.jl:2076
_jl_invoke at /cache/build/builder-amdci4-4/julialang/julia-release-1-dot-10/src/gf.c:2895 [inlined]
ijl_apply_generic at /cache/build/builder-amdci4-4/julialang/julia-release-1-dot-10/src/gf.c:3077
_include at ./loading.jl:2136
include at ./Base.jl:495
jfptr_include_46447.1 at /opt/julia-1.10.5/lib/julia/sys.so (unknown line)
_jl_invoke at /cache/build/builder-amdci4-4/julialang/julia-release-1-dot-10/src/gf.c:2895 [inlined]
ijl_apply_generic at /cache/build/builder-amdci4-4/julialang/julia-release-1-dot-10/src/gf.c:3077
exec_options at ./client.jl:318
_start at ./client.jl:552
jfptr__start_82798.1 at /opt/julia-1.10.5/lib/julia/sys.so (unknown line)
_jl_invoke at /cache/build/builder-amdci4-4/julialang/julia-release-1-dot-10/src/gf.c:2895 [inlined]
ijl_apply_generic at /cache/build/builder-amdci4-4/julialang/julia-release-1-dot-10/src/gf.c:3077
jl_apply at /cache/build/builder-amdci4-4/julialang/julia-release-1-dot-10/src/julia.h:1982 [inlined]
true_main at /cache/build/builder-amdci4-4/julialang/julia-release-1-dot-10/src/jlapi.c:582
jl_repl_entrypoint at /cache/build/builder-amdci4-4/julialang/julia-release-1-dot-10/src/jlapi.c:731
main at julia (unknown line)
unknown function (ip: 0x7de1a382a1c9)
__libc_start_main at /lib/x86_64-linux-gnu/libc.so.6 (unknown line)
unknown function (ip: 0x4010b8)
unknown function (ip: (nil))
Allocations: 174589992 (Pool: 174471130; Big: 118862); GC: 93

jango@LAPTOP-SU1F7TT8:~/projects/NCubeV$ 